
> skybook-nextjs@1.0.0 build
> next build

node.exe : ΓÜá Warning: Next.js inferred your 
workspace root, but it may not be correct.
At C:\Program Files\nodejs\npm.ps1:29 char:3
+   & $NODE_EXE $NPM_CLI_JS $args
+   ~~~~~~~~~~~~~~~~~~~~~~~~~~~~~
    + CategoryInfo          : NotSpecified: (ΓÜá 
    Warning: Ne...not be correct.:String) [], 
Rem    oteException
    + FullyQualifiedErrorId : NativeCommandError
 
 We detected multiple lockfiles and selected the 
directory of C:\Users\mishr\package-lock.json as 
the root directory.
 To silence this warning, set `turbopack.root` 
in your Next.js config, or consider removing one 
of the lockfiles if it's not needed.
   See https://nextjs.org/docs/app/api-reference/
config/next-config-js/turbopack#root-directory 
for more information.
 Detected additional lockfiles: 
   * C:\Users\mishr\Downloads\flight-booking-mana
gement-0386144d\package-lock.json

Γû▓ Next.js 16.1.6 (Turbopack)

  Creating an optimized production build ...
Browserslist: browsers data (caniuse-lite) is 9 
months old. Please run:
  npx update-browserslist-db@latest
  Why you should do it regularly: 
https://github.com/browserslist/update-db#readme
Γ£ô Compiled successfully in 7.8s
  Running TypeScript ...
  Collecting page data using 11 workers ...
  Generating static pages using 11 workers (0/23) ...
  Generating static pages using 11 workers (5/23) 
  Generating static pages using 11 workers (11/23) 
  Generating static pages using 11 workers (17/23) 
Γ£ô Generating static pages using 11 workers (23/23) in 743.3ms
  Finalizing page optimization ...

Route (app)
Γöî Γùï /
Γö£ Γùï /_not-found
Γö£ Γùï /admin
Γö£ Γùï /admin-login
Γö£ Γùï /admin/bookings
Γö£ Γùï /admin/discounts
Γö£ Γùï /admin/flights
Γö£ Γùï /admin/users
Γö£ ╞Æ /api/auth/login
Γö£ ╞Æ /api/auth/register
Γö£ ╞Æ /api/bookings
Γö£ ╞Æ /api/discounts
Γö£ ╞Æ /api/flights
Γö£ ╞Æ /api/passengers
Γö£ ╞Æ /api/user
Γö£ Γùï /auth
Γö£ Γùï /booking
Γö£ Γùï /confirmation
Γö£ Γùï /flights
Γö£ Γùï /hotels
Γö£ Γùï /my-bookings
Γöö Γùï /reset-password


Γùï  (Static)   prerendered as static content
╞Æ  (Dynamic)  server-rendered on demand

